// Jest Snapshot v1, https://goo.gl/fbAQLP

exports[`testing UpdateActivity component should call the updateActivity actions with { id: 1, name: updated, description: updated, status: true } 1`] = `
Object {
  "asFragment": [Function],
  "baseElement": <body>
    <div>
      <div
        class="form primary-form update-form"
      >
        <p>
          <b>
            Update Activity
          </b>
        </p>
        <form
          class=""
        >
          <div>
            <div
              class="float-left"
            >
              <div
                class="secondary-container"
                data-testid="id-updateActivity"
              >
                <label
                  for="id"
                >
                  <p
                    class="secondary-label"
                  >
                    <b>
                      Id
                    </b>
                  </p>
                  <input
                    class="textField undefined"
                    datatestid="id-updateActivity"
                    id="id"
                    name="id"
                    placeholder="Insert Id"
                    type="numbers"
                    value="1"
                    variant="secondary"
                  />
                </label>
                <p
                  class="error"
                >
                  <b />
                </p>
              </div>
            </div>
            <div
              class="float-right"
            >
              <div
                class="secondary-container"
                data-testid="name-updateActivity"
              >
                <label
                  for="name"
                >
                  <p
                    class="secondary-label"
                  >
                    <b>
                      Name
                    </b>
                  </p>
                  <input
                    class="textField undefined"
                    datatestid="name-updateActivity"
                    id="name"
                    name="name"
                    placeholder="Insert name"
                    type="text"
                    value="updated"
                    variant="secondary"
                  />
                </label>
                <p
                  class="error"
                >
                  <b />
                </p>
              </div>
            </div>
            <div
              class="float-left description-style"
            >
              <div
                class="secondary-container"
                data-testid="description-updateActivity"
              >
                <label
                  for="description"
                >
                  <p
                    class="secondary-label"
                  >
                    <b>
                      Description
                    </b>
                  </p>
                  <input
                    class="textField undefined"
                    datatestid="description-updateActivity"
                    id="description"
                    name="description"
                    placeholder="Insert description"
                    type="text"
                    value="updated"
                    variant="secondary"
                  />
                </label>
                <p
                  class="error"
                >
                  <b />
                </p>
              </div>
            </div>
            <div
              class="checkbox-status-update"
            >
              <span
                class="secondary-checkbox"
                data-testid="status-updateActivity"
              >
                <label
                  for="status"
                >
                  <input
                    class="checkbox-status-update"
                    datatestid="status-updateActivity"
                    id="status"
                    label="Status"
                    name="status"
                    type="checkbox"
                    value="true"
                    variant="secondary"
                  />
                  Status
                </label>
              </span>
            </div>
            <input
              class="submit primary-submit update-button"
              data-testid="submit-updateActivity"
              datatestid="submit-updateActivity"
              type="submit"
              value="Update"
            />
          </div>
        </form>
      </div>
    </div>
  </body>,
  "container": <div>
    <div
      class="form primary-form update-form"
    >
      <p>
        <b>
          Update Activity
        </b>
      </p>
      <form
        class=""
      >
        <div>
          <div
            class="float-left"
          >
            <div
              class="secondary-container"
              data-testid="id-updateActivity"
            >
              <label
                for="id"
              >
                <p
                  class="secondary-label"
                >
                  <b>
                    Id
                  </b>
                </p>
                <input
                  class="textField undefined"
                  datatestid="id-updateActivity"
                  id="id"
                  name="id"
                  placeholder="Insert Id"
                  type="numbers"
                  value="1"
                  variant="secondary"
                />
              </label>
              <p
                class="error"
              >
                <b />
              </p>
            </div>
          </div>
          <div
            class="float-right"
          >
            <div
              class="secondary-container"
              data-testid="name-updateActivity"
            >
              <label
                for="name"
              >
                <p
                  class="secondary-label"
                >
                  <b>
                    Name
                  </b>
                </p>
                <input
                  class="textField undefined"
                  datatestid="name-updateActivity"
                  id="name"
                  name="name"
                  placeholder="Insert name"
                  type="text"
                  value="updated"
                  variant="secondary"
                />
              </label>
              <p
                class="error"
              >
                <b />
              </p>
            </div>
          </div>
          <div
            class="float-left description-style"
          >
            <div
              class="secondary-container"
              data-testid="description-updateActivity"
            >
              <label
                for="description"
              >
                <p
                  class="secondary-label"
                >
                  <b>
                    Description
                  </b>
                </p>
                <input
                  class="textField undefined"
                  datatestid="description-updateActivity"
                  id="description"
                  name="description"
                  placeholder="Insert description"
                  type="text"
                  value="updated"
                  variant="secondary"
                />
              </label>
              <p
                class="error"
              >
                <b />
              </p>
            </div>
          </div>
          <div
            class="checkbox-status-update"
          >
            <span
              class="secondary-checkbox"
              data-testid="status-updateActivity"
            >
              <label
                for="status"
              >
                <input
                  class="checkbox-status-update"
                  datatestid="status-updateActivity"
                  id="status"
                  label="Status"
                  name="status"
                  type="checkbox"
                  value="true"
                  variant="secondary"
                />
                Status
              </label>
            </span>
          </div>
          <input
            class="submit primary-submit update-button"
            data-testid="submit-updateActivity"
            datatestid="submit-updateActivity"
            type="submit"
            value="Update"
          />
        </div>
      </form>
    </div>
  </div>,
  "debug": [Function],
  "findAllByAltText": [Function],
  "findAllByDisplayValue": [Function],
  "findAllByLabelText": [Function],
  "findAllByPlaceholderText": [Function],
  "findAllByRole": [Function],
  "findAllByTestId": [Function],
  "findAllByText": [Function],
  "findAllByTitle": [Function],
  "findByAltText": [Function],
  "findByDisplayValue": [Function],
  "findByLabelText": [Function],
  "findByPlaceholderText": [Function],
  "findByRole": [Function],
  "findByTestId": [Function],
  "findByText": [Function],
  "findByTitle": [Function],
  "getAllByAltText": [Function],
  "getAllByDisplayValue": [Function],
  "getAllByLabelText": [Function],
  "getAllByPlaceholderText": [Function],
  "getAllByRole": [Function],
  "getAllByTestId": [Function],
  "getAllByText": [Function],
  "getAllByTitle": [Function],
  "getByAltText": [Function],
  "getByDisplayValue": [Function],
  "getByLabelText": [Function],
  "getByPlaceholderText": [Function],
  "getByRole": [Function],
  "getByTestId": [Function],
  "getByText": [Function],
  "getByTitle": [Function],
  "queryAllByAltText": [Function],
  "queryAllByDisplayValue": [Function],
  "queryAllByLabelText": [Function],
  "queryAllByPlaceholderText": [Function],
  "queryAllByRole": [Function],
  "queryAllByTestId": [Function],
  "queryAllByText": [Function],
  "queryAllByTitle": [Function],
  "queryByAltText": [Function],
  "queryByDisplayValue": [Function],
  "queryByLabelText": [Function],
  "queryByPlaceholderText": [Function],
  "queryByRole": [Function],
  "queryByTestId": [Function],
  "queryByText": [Function],
  "queryByTitle": [Function],
  "rerender": [Function],
  "unmount": [Function],
}
`;

exports[`testing UpdateActivity component shouldn't call the updateActivity actions when the activity doesn't exist 1`] = `
Object {
  "asFragment": [Function],
  "baseElement": <body>
    <div>
      <div
        class="form primary-form update-form"
      >
        <p>
          <b>
            Update Activity
          </b>
        </p>
        <form
          class=""
        >
          <div>
            <div
              class="float-left"
            >
              <div
                class="secondary-container"
                data-testid="id-updateActivity"
              >
                <label
                  for="id"
                >
                  <p
                    class="secondary-label"
                  >
                    <b>
                      Id
                    </b>
                  </p>
                  <input
                    class="textField undefined"
                    datatestid="id-updateActivity"
                    id="id"
                    name="id"
                    placeholder="Insert Id"
                    type="numbers"
                    value="1"
                    variant="secondary"
                  />
                </label>
                <p
                  class="error"
                >
                  <b />
                </p>
              </div>
            </div>
            <div
              class="float-right"
            >
              <div
                class="secondary-container"
                data-testid="name-updateActivity"
              >
                <label
                  for="name"
                >
                  <p
                    class="secondary-label"
                  >
                    <b>
                      Name
                    </b>
                  </p>
                  <input
                    class="textField undefined"
                    datatestid="name-updateActivity"
                    id="name"
                    name="name"
                    placeholder="Insert name"
                    type="text"
                    value="updated"
                    variant="secondary"
                  />
                </label>
                <p
                  class="error"
                >
                  <b />
                </p>
              </div>
            </div>
            <div
              class="float-left description-style"
            >
              <div
                class="secondary-container"
                data-testid="description-updateActivity"
              >
                <label
                  for="description"
                >
                  <p
                    class="secondary-label"
                  >
                    <b>
                      Description
                    </b>
                  </p>
                  <input
                    class="textField undefined"
                    datatestid="description-updateActivity"
                    id="description"
                    name="description"
                    placeholder="Insert description"
                    type="text"
                    value="updated"
                    variant="secondary"
                  />
                </label>
                <p
                  class="error"
                >
                  <b />
                </p>
              </div>
            </div>
            <div
              class="checkbox-status-update"
            >
              <span
                class="secondary-checkbox"
                data-testid="status-updateActivity"
              >
                <label
                  for="status"
                >
                  <input
                    class="checkbox-status-update"
                    datatestid="status-updateActivity"
                    id="status"
                    label="Status"
                    name="status"
                    type="checkbox"
                    value="true"
                    variant="secondary"
                  />
                  Status
                </label>
              </span>
            </div>
            <input
              class="submit primary-submit update-button"
              data-testid="submit-updateActivity"
              datatestid="submit-updateActivity"
              type="submit"
              value="Update"
            />
          </div>
        </form>
      </div>
    </div>
  </body>,
  "container": <div>
    <div
      class="form primary-form update-form"
    >
      <p>
        <b>
          Update Activity
        </b>
      </p>
      <form
        class=""
      >
        <div>
          <div
            class="float-left"
          >
            <div
              class="secondary-container"
              data-testid="id-updateActivity"
            >
              <label
                for="id"
              >
                <p
                  class="secondary-label"
                >
                  <b>
                    Id
                  </b>
                </p>
                <input
                  class="textField undefined"
                  datatestid="id-updateActivity"
                  id="id"
                  name="id"
                  placeholder="Insert Id"
                  type="numbers"
                  value="1"
                  variant="secondary"
                />
              </label>
              <p
                class="error"
              >
                <b />
              </p>
            </div>
          </div>
          <div
            class="float-right"
          >
            <div
              class="secondary-container"
              data-testid="name-updateActivity"
            >
              <label
                for="name"
              >
                <p
                  class="secondary-label"
                >
                  <b>
                    Name
                  </b>
                </p>
                <input
                  class="textField undefined"
                  datatestid="name-updateActivity"
                  id="name"
                  name="name"
                  placeholder="Insert name"
                  type="text"
                  value="updated"
                  variant="secondary"
                />
              </label>
              <p
                class="error"
              >
                <b />
              </p>
            </div>
          </div>
          <div
            class="float-left description-style"
          >
            <div
              class="secondary-container"
              data-testid="description-updateActivity"
            >
              <label
                for="description"
              >
                <p
                  class="secondary-label"
                >
                  <b>
                    Description
                  </b>
                </p>
                <input
                  class="textField undefined"
                  datatestid="description-updateActivity"
                  id="description"
                  name="description"
                  placeholder="Insert description"
                  type="text"
                  value="updated"
                  variant="secondary"
                />
              </label>
              <p
                class="error"
              >
                <b />
              </p>
            </div>
          </div>
          <div
            class="checkbox-status-update"
          >
            <span
              class="secondary-checkbox"
              data-testid="status-updateActivity"
            >
              <label
                for="status"
              >
                <input
                  class="checkbox-status-update"
                  datatestid="status-updateActivity"
                  id="status"
                  label="Status"
                  name="status"
                  type="checkbox"
                  value="true"
                  variant="secondary"
                />
                Status
              </label>
            </span>
          </div>
          <input
            class="submit primary-submit update-button"
            data-testid="submit-updateActivity"
            datatestid="submit-updateActivity"
            type="submit"
            value="Update"
          />
        </div>
      </form>
    </div>
  </div>,
  "debug": [Function],
  "findAllByAltText": [Function],
  "findAllByDisplayValue": [Function],
  "findAllByLabelText": [Function],
  "findAllByPlaceholderText": [Function],
  "findAllByRole": [Function],
  "findAllByTestId": [Function],
  "findAllByText": [Function],
  "findAllByTitle": [Function],
  "findByAltText": [Function],
  "findByDisplayValue": [Function],
  "findByLabelText": [Function],
  "findByPlaceholderText": [Function],
  "findByRole": [Function],
  "findByTestId": [Function],
  "findByText": [Function],
  "findByTitle": [Function],
  "getAllByAltText": [Function],
  "getAllByDisplayValue": [Function],
  "getAllByLabelText": [Function],
  "getAllByPlaceholderText": [Function],
  "getAllByRole": [Function],
  "getAllByTestId": [Function],
  "getAllByText": [Function],
  "getAllByTitle": [Function],
  "getByAltText": [Function],
  "getByDisplayValue": [Function],
  "getByLabelText": [Function],
  "getByPlaceholderText": [Function],
  "getByRole": [Function],
  "getByTestId": [Function],
  "getByText": [Function],
  "getByTitle": [Function],
  "queryAllByAltText": [Function],
  "queryAllByDisplayValue": [Function],
  "queryAllByLabelText": [Function],
  "queryAllByPlaceholderText": [Function],
  "queryAllByRole": [Function],
  "queryAllByTestId": [Function],
  "queryAllByText": [Function],
  "queryAllByTitle": [Function],
  "queryByAltText": [Function],
  "queryByDisplayValue": [Function],
  "queryByLabelText": [Function],
  "queryByPlaceholderText": [Function],
  "queryByRole": [Function],
  "queryByTestId": [Function],
  "queryByText": [Function],
  "queryByTitle": [Function],
  "rerender": [Function],
  "unmount": [Function],
}
`;
